<?xml version="1.0" encoding="ISO-8859-1" ?>
<link_info>
   <banner>TI ARM Clang Linker PC v4.0.4.LTS</banner>
   <copyright>Copyright (c) 1996-2018 Texas Instruments Incorporated</copyright>
   <command_line>C:\ti\ccs2050\ccs\tools\compiler\ti-cgt-armllvm_4.0.4.LTS\bin\tiarmlnk -IC:\ti\ccs2050\ccs\tools\compiler\ti-cgt-armllvm_4.0.4.LTS\lib -o blinky.out -mblinky_ccs.map -iC:/ti/ccs2050/ccs/tools/compiler/ti-cgt-armllvm_4.0.4.LTS/lib -iC:/ti/ccs2050/ccs/tools/compiler/ti-cgt-armllvm_4.0.4.LTS/include --reread_libs --diag_wrap=off --display_error_number --warn_sections --xml_link_info=blinky_linkInfo.xml --rom_model ./blinky.o ./startup_ccs.o ../blinky_ccs.cmd -lC:/ti/TivaWare_C_Series-2.2.0.295/driverlib/ccs/Debug/driverlib.lib -llibc.a --start-group -llibc++.a -llibc++abi.a -llibc.a -llibsys.a -llibsysbm.a -llibclang_rt.builtins.a -llibclang_rt.profile.a --end-group</command_line>
   <link_time>0x69b8e95e</link_time>
   <link_errors>0x0</link_errors>
   <output_file>C:\Users\hoang\workspace_ccstheia\blinky\Debug\blinky.out</output_file>
   <entry_point>
      <name>_c_int00_noinit_noargs</name>
      <address>0x4fd</address>
   </entry_point>
   <input_file_list>
      <input_file id="fl-1">
         <path>C:\Users\hoang\workspace_ccstheia\blinky\Debug\.\</path>
         <kind>object</kind>
         <file>blinky.o</file>
         <name>blinky.o</name>
      </input_file>
      <input_file id="fl-2">
         <path>C:\Users\hoang\workspace_ccstheia\blinky\Debug\.\</path>
         <kind>object</kind>
         <file>startup_ccs.o</file>
         <name>startup_ccs.o</name>
      </input_file>
      <input_file id="fl-e">
         <path>C:\Users\hoang\workspace_ccstheia\blinky\Debug\</path>
         <kind>object</kind>
         <file>&lt;internal&gt;</file>
         <name>&lt;internal&gt;</name>
      </input_file>
      <input_file id="fl-f">
         <path>C:\ti\TivaWare_C_Series-2.2.0.295\driverlib\ccs\Debug\</path>
         <kind>archive</kind>
         <file>driverlib.lib</file>
         <name>gpio.obj</name>
      </input_file>
      <input_file id="fl-10">
         <path>C:\ti\TivaWare_C_Series-2.2.0.295\driverlib\ccs\Debug\</path>
         <kind>archive</kind>
         <file>driverlib.lib</file>
         <name>interrupt.obj</name>
      </input_file>
      <input_file id="fl-11">
         <path>C:\ti\TivaWare_C_Series-2.2.0.295\driverlib\ccs\Debug\</path>
         <kind>archive</kind>
         <file>driverlib.lib</file>
         <name>sysctl.obj</name>
      </input_file>
      <input_file id="fl-12">
         <path>C:\ti\TivaWare_C_Series-2.2.0.295\driverlib\ccs\Debug\</path>
         <kind>archive</kind>
         <file>driverlib.lib</file>
         <name>cpu.obj</name>
      </input_file>
      <input_file id="fl-29">
         <path>C:\ti\ccs2050\ccs\tools\compiler\ti-cgt-armllvm_4.0.4.LTS\lib\armv7em-ti-none-eabihf\c\</path>
         <kind>archive</kind>
         <file>libc.a</file>
         <name>boot_cortex_m.c.obj</name>
      </input_file>
      <input_file id="fl-2a">
         <path>C:\ti\ccs2050\ccs\tools\compiler\ti-cgt-armllvm_4.0.4.LTS\lib\armv7em-ti-none-eabihf\c\</path>
         <kind>archive</kind>
         <file>libc.a</file>
         <name>mathacl_init.c.obj</name>
      </input_file>
      <input_file id="fl-2b">
         <path>C:\ti\ccs2050\ccs\tools\compiler\ti-cgt-armllvm_4.0.4.LTS\lib\armv7em-ti-none-eabihf\c\</path>
         <kind>archive</kind>
         <file>libc.a</file>
         <name>autoinit.c.obj</name>
      </input_file>
      <input_file id="fl-2c">
         <path>C:\ti\ccs2050\ccs\tools\compiler\ti-cgt-armllvm_4.0.4.LTS\lib\armv7em-ti-none-eabihf\c\</path>
         <kind>archive</kind>
         <file>libc.a</file>
         <name>pre_init.c.obj</name>
      </input_file>
      <input_file id="fl-2d">
         <path>C:\ti\ccs2050\ccs\tools\compiler\ti-cgt-armllvm_4.0.4.LTS\lib\armv7em-ti-none-eabihf\c\</path>
         <kind>archive</kind>
         <file>libc.a</file>
         <name>cpy_tbl.c.obj</name>
      </input_file>
      <input_file id="fl-2e">
         <path>C:\ti\ccs2050\ccs\tools\compiler\ti-cgt-armllvm_4.0.4.LTS\lib\armv7em-ti-none-eabihf\c\</path>
         <kind>archive</kind>
         <file>libc.a</file>
         <name>copy_zero_init.c.obj</name>
      </input_file>
      <input_file id="fl-2f">
         <path>C:\ti\ccs2050\ccs\tools\compiler\ti-cgt-armllvm_4.0.4.LTS\lib\armv7em-ti-none-eabihf\c\</path>
         <kind>archive</kind>
         <file>libc.a</file>
         <name>copy_decompress_none.c.obj</name>
      </input_file>
      <input_file id="fl-30">
         <path>C:\ti\ccs2050\ccs\tools\compiler\ti-cgt-armllvm_4.0.4.LTS\lib\armv7em-ti-none-eabihf\c\</path>
         <kind>archive</kind>
         <file>libc.a</file>
         <name>copy_decompress_lzss.c.obj</name>
      </input_file>
      <input_file id="fl-31">
         <path>C:\ti\ccs2050\ccs\tools\compiler\ti-cgt-armllvm_4.0.4.LTS\lib\armv7em-ti-none-eabihf\c\</path>
         <kind>archive</kind>
         <file>libc.a</file>
         <name>exit.c.obj</name>
      </input_file>
      <input_file id="fl-32">
         <path>C:\ti\ccs2050\ccs\tools\compiler\ti-cgt-armllvm_4.0.4.LTS\lib\armv7em-ti-none-eabihf\c\</path>
         <kind>archive</kind>
         <file>libc.a</file>
         <name>_lock.c.obj</name>
      </input_file>
      <input_file id="fl-33">
         <path>C:\ti\ccs2050\ccs\tools\compiler\ti-cgt-armllvm_4.0.4.LTS\lib\armv7em-ti-none-eabihf\c\</path>
         <kind>archive</kind>
         <file>libc.a</file>
         <name>args_main.c.obj</name>
      </input_file>
      <input_file id="fl-d3">
         <path>C:\ti\ccs2050\ccs\tools\compiler\ti-cgt-armllvm_4.0.4.LTS\lib\armv7em-ti-none-eabihf\c\</path>
         <kind>archive</kind>
         <file>libsysbm.a</file>
         <name>hostexit.c.obj</name>
      </input_file>
      <input_file id="fl-d4">
         <path>C:\ti\ccs2050\ccs\tools\compiler\ti-cgt-armllvm_4.0.4.LTS\lib\armv7em-ti-none-eabihf\</path>
         <kind>archive</kind>
         <file>libclang_rt.builtins.a</file>
         <name>aeabi_memcpy.S.obj</name>
      </input_file>
      <input_file id="fl-d5">
         <path>C:\ti\ccs2050\ccs\tools\compiler\ti-cgt-armllvm_4.0.4.LTS\lib\armv7em-ti-none-eabihf\</path>
         <kind>archive</kind>
         <file>libclang_rt.builtins.a</file>
         <name>aeabi_memset.S.obj</name>
      </input_file>
      <input_file id="fl-d6">
         <path>C:\ti\ccs2050\ccs\tools\compiler\ti-cgt-armllvm_4.0.4.LTS\lib\armv7em-ti-none-eabihf\c\</path>
         <kind>archive</kind>
         <file>libc.a</file>
         <name>memcpy_t2.S.obj</name>
      </input_file>
      <input_file id="fl-d7">
         <path>C:\ti\ccs2050\ccs\tools\compiler\ti-cgt-armllvm_4.0.4.LTS\lib\armv7em-ti-none-eabihf\c\</path>
         <kind>archive</kind>
         <file>libc.a</file>
         <name>memset_t2.S.obj</name>
      </input_file>
   </input_file_list>
   <object_component_list>
      <object_component id="oc-12">
         <name>.intvecs</name>
         <load_address>0x0</load_address>
         <readonly>true</readonly>
         <run_address>0x0</run_address>
         <size>0x26c</size>
         <alignment>0x4</alignment>
         <input_file_ref idref="fl-2"/>
      </object_component>
      <object_component id="oc-b5">
         <name>.text:GPIOPadConfigSet</name>
         <load_address>0x26c</load_address>
         <readonly>true</readonly>
         <executable>true</executable>
         <run_address>0x26c</run_address>
         <size>0x16c</size>
         <alignment>0x4</alignment>
         <input_file_ref idref="fl-f"/>
      </object_component>
      <object_component id="oc-5a">
         <name>.text.main</name>
         <load_address>0x3d8</load_address>
         <readonly>true</readonly>
         <executable>true</executable>
         <run_address>0x3d8</run_address>
         <size>0x8c</size>
         <alignment>0x2</alignment>
         <input_file_ref idref="fl-1"/>
      </object_component>
      <object_component id="oc-75">
         <name>.text:SysCtlPeripheralReady</name>
         <load_address>0x464</load_address>
         <readonly>true</readonly>
         <executable>true</executable>
         <run_address>0x464</run_address>
         <size>0x38</size>
         <alignment>0x4</alignment>
         <input_file_ref idref="fl-11"/>
      </object_component>
      <object_component id="oc-6f">
         <name>.text:SysCtlPeripheralEnable</name>
         <load_address>0x49c</load_address>
         <readonly>true</readonly>
         <executable>true</executable>
         <run_address>0x49c</run_address>
         <size>0x34</size>
         <alignment>0x4</alignment>
         <input_file_ref idref="fl-11"/>
      </object_component>
      <object_component id="oc-bb">
         <name>.text:GPIODirModeSet</name>
         <load_address>0x4d0</load_address>
         <readonly>true</readonly>
         <executable>true</executable>
         <run_address>0x4d0</run_address>
         <size>0x2c</size>
         <alignment>0x2</alignment>
         <input_file_ref idref="fl-f"/>
      </object_component>
      <object_component id="oc-44">
         <name>.text:_c_int00_noinit_noargs</name>
         <load_address>0x4fc</load_address>
         <readonly>true</readonly>
         <executable>true</executable>
         <run_address>0x4fc</run_address>
         <size>0x2c</size>
         <alignment>0x4</alignment>
         <input_file_ref idref="fl-29"/>
      </object_component>
      <object_component id="oc-7b">
         <name>.text:GPIOPinTypeGPIOOutput</name>
         <load_address>0x528</load_address>
         <readonly>true</readonly>
         <executable>true</executable>
         <run_address>0x528</run_address>
         <size>0x1a</size>
         <alignment>0x2</alignment>
         <input_file_ref idref="fl-f"/>
      </object_component>
      <object_component id="oc-29">
         <name>.text.ResetISR</name>
         <load_address>0x542</load_address>
         <readonly>true</readonly>
         <executable>true</executable>
         <run_address>0x542</run_address>
         <size>0x6</size>
         <alignment>0x2</alignment>
         <input_file_ref idref="fl-2"/>
      </object_component>
      <object_component id="oc-81">
         <name>.text:GPIOPinWrite</name>
         <load_address>0x548</load_address>
         <readonly>true</readonly>
         <executable>true</executable>
         <run_address>0x548</run_address>
         <size>0x6</size>
         <alignment>0x2</alignment>
         <input_file_ref idref="fl-f"/>
      </object_component>
      <object_component id="oc-87">
         <name>.text:SysCtlDelay</name>
         <load_address>0x54e</load_address>
         <readonly>true</readonly>
         <executable>true</executable>
         <run_address>0x54e</run_address>
         <size>0x6</size>
         <alignment>0x2</alignment>
         <input_file_ref idref="fl-11"/>
      </object_component>
      <object_component id="oc-88">
         <name>.text:abort</name>
         <load_address>0x554</load_address>
         <readonly>true</readonly>
         <executable>true</executable>
         <run_address>0x554</run_address>
         <size>0x6</size>
         <alignment>0x2</alignment>
         <input_file_ref idref="fl-31"/>
      </object_component>
      <object_component id="oc-2b">
         <name>.text.FaultISR</name>
         <load_address>0x55a</load_address>
         <readonly>true</readonly>
         <executable>true</executable>
         <run_address>0x55a</run_address>
         <size>0x4</size>
         <alignment>0x2</alignment>
         <input_file_ref idref="fl-2"/>
      </object_component>
      <object_component id="oc-c4">
         <name>.text.HOSTexit</name>
         <load_address>0x55e</load_address>
         <readonly>true</readonly>
         <executable>true</executable>
         <run_address>0x55e</run_address>
         <size>0x4</size>
         <alignment>0x2</alignment>
         <input_file_ref idref="fl-d3"/>
      </object_component>
      <object_component id="oc-2c">
         <name>.text.IntDefaultHandler</name>
         <load_address>0x562</load_address>
         <readonly>true</readonly>
         <executable>true</executable>
         <run_address>0x562</run_address>
         <size>0x4</size>
         <alignment>0x2</alignment>
         <input_file_ref idref="fl-2"/>
      </object_component>
      <object_component id="oc-2a">
         <name>.text.NmiSR</name>
         <load_address>0x566</load_address>
         <readonly>true</readonly>
         <executable>true</executable>
         <run_address>0x566</run_address>
         <size>0x4</size>
         <alignment>0x2</alignment>
         <input_file_ref idref="fl-2"/>
      </object_component>
      <object_component id="oc-56">
         <name>.text._system_pre_init</name>
         <load_address>0x56a</load_address>
         <readonly>true</readonly>
         <executable>true</executable>
         <run_address>0x56a</run_address>
         <size>0x4</size>
         <alignment>0x2</alignment>
         <input_file_ref idref="fl-2c"/>
      </object_component>
      <object_component id="oc-135">
         <name>__TI_cinit_table</name>
         <load_address>0x0</load_address>
         <readonly>true</readonly>
         <run_address>0x0</run_address>
         <size>0x0</size>
         <alignment>0x4</alignment>
      </object_component>
      <object_component id="oc-13">
         <name>.stack</name>
         <uninitialized>true</uninitialized>
         <readwrite>true</readwrite>
         <run_address>0x20000000</run_address>
         <size>0x4</size>
         <alignment>0x4</alignment>
         <input_file_ref idref="fl-29"/>
      </object_component>
      <object_component id="oc-137">
         <name>.stack</name>
         <uninitialized>true</uninitialized>
         <readwrite>true</readwrite>
         <run_address>0x20000000</run_address>
         <size>0x0</size>
         <alignment>0x8</alignment>
      </object_component>
      <object_component id="oc-c2">
         <name>.debug_info</name>
         <load_address>0x0</load_address>
         <run_address>0x0</run_address>
         <size>0x3e4</size>
         <alignment>0x0</alignment>
         <input_file_ref idref="fl-f"/>
      </object_component>
      <object_component id="oc-82">
         <name>.debug_info</name>
         <load_address>0x3e4</load_address>
         <run_address>0x3e4</run_address>
         <size>0x2ac</size>
         <alignment>0x0</alignment>
         <input_file_ref idref="fl-f"/>
      </object_component>
      <object_component id="oc-bd">
         <name>.debug_info</name>
         <load_address>0x690</load_address>
         <run_address>0x690</run_address>
         <size>0x2bc</size>
         <alignment>0x0</alignment>
         <input_file_ref idref="fl-f"/>
      </object_component>
      <object_component id="oc-b7">
         <name>.debug_info</name>
         <load_address>0x94c</load_address>
         <run_address>0x94c</run_address>
         <size>0x31f</size>
         <alignment>0x0</alignment>
         <input_file_ref idref="fl-f"/>
      </object_component>
      <object_component id="oc-7c">
         <name>.debug_info</name>
         <load_address>0xc6b</load_address>
         <run_address>0xc6b</run_address>
         <size>0x2c0</size>
         <alignment>0x0</alignment>
         <input_file_ref idref="fl-f"/>
      </object_component>
      <object_component id="oc-e5">
         <name>.debug_info</name>
         <load_address>0xf2b</load_address>
         <run_address>0xf2b</run_address>
         <size>0x26b</size>
         <alignment>0x0</alignment>
         <input_file_ref idref="fl-f"/>
      </object_component>
      <object_component id="oc-b0">
         <name>.debug_info</name>
         <load_address>0x1196</load_address>
         <run_address>0x1196</run_address>
         <size>0x8b</size>
         <alignment>0x0</alignment>
         <input_file_ref idref="fl-f"/>
      </object_component>
      <object_component id="oc-d5">
         <name>.debug_info</name>
         <load_address>0x1221</load_address>
         <run_address>0x1221</run_address>
         <size>0x297</size>
         <alignment>0x0</alignment>
         <input_file_ref idref="fl-f"/>
      </object_component>
      <object_component id="oc-e0">
         <name>.debug_info</name>
         <load_address>0x14b8</load_address>
         <run_address>0x14b8</run_address>
         <size>0xef</size>
         <alignment>0x0</alignment>
         <input_file_ref idref="fl-f"/>
      </object_component>
      <object_component id="oc-a9">
         <name>.debug_info</name>
         <load_address>0x15a7</load_address>
         <run_address>0x15a7</run_address>
         <size>0xbb</size>
         <alignment>0x0</alignment>
         <input_file_ref idref="fl-f"/>
      </object_component>
      <object_component id="oc-ae">
         <name>.debug_info</name>
         <load_address>0x1662</load_address>
         <run_address>0x1662</run_address>
         <size>0x441</size>
         <alignment>0x0</alignment>
         <input_file_ref idref="fl-11"/>
      </object_component>
      <object_component id="oc-77">
         <name>.debug_info</name>
         <load_address>0x1aa3</load_address>
         <run_address>0x1aa3</run_address>
         <size>0x288</size>
         <alignment>0x0</alignment>
         <input_file_ref idref="fl-11"/>
      </object_component>
      <object_component id="oc-71">
         <name>.debug_info</name>
         <load_address>0x1d2b</load_address>
         <run_address>0x1d2b</run_address>
         <size>0x286</size>
         <alignment>0x0</alignment>
         <input_file_ref idref="fl-11"/>
      </object_component>
      <object_component id="oc-dc">
         <name>.debug_info</name>
         <load_address>0x1fb1</load_address>
         <run_address>0x1fb1</run_address>
         <size>0x51</size>
         <alignment>0x0</alignment>
         <input_file_ref idref="fl-11"/>
      </object_component>
      <object_component id="oc-14">
         <name>.debug_info</name>
         <load_address>0x2002</load_address>
         <run_address>0x2002</run_address>
         <size>0x49d</size>
         <alignment>0x1</alignment>
         <input_file_ref idref="fl-29"/>
      </object_component>
      <object_component id="oc-58">
         <name>.debug_info</name>
         <load_address>0x249f</load_address>
         <run_address>0x249f</run_address>
         <size>0x46</size>
         <alignment>0x1</alignment>
         <input_file_ref idref="fl-2c"/>
      </object_component>
      <object_component id="oc-89">
         <name>.debug_info</name>
         <load_address>0x24e5</load_address>
         <run_address>0x24e5</run_address>
         <size>0xf8</size>
         <alignment>0x1</alignment>
         <input_file_ref idref="fl-31"/>
      </object_component>
      <object_component id="oc-c5">
         <name>.debug_info</name>
         <load_address>0x25dd</load_address>
         <run_address>0x25dd</run_address>
         <size>0x3b</size>
         <alignment>0x1</alignment>
         <input_file_ref idref="fl-d3"/>
      </object_component>
      <object_component id="oc-138">
         <name>.debug_info</name>
         <load_address>0x2618</load_address>
         <run_address>0x2618</run_address>
         <size>0xa2</size>
         <alignment>0x0</alignment>
      </object_component>
      <object_component id="oc-ed">
         <name>.debug_line</name>
         <load_address>0x0</load_address>
         <run_address>0x0</run_address>
         <size>0x82</size>
         <alignment>0x0</alignment>
         <input_file_ref idref="fl-f"/>
      </object_component>
      <object_component id="oc-85">
         <name>.debug_line</name>
         <load_address>0x82</load_address>
         <run_address>0x82</run_address>
         <size>0x92</size>
         <alignment>0x0</alignment>
         <input_file_ref idref="fl-f"/>
      </object_component>
      <object_component id="oc-bc">
         <name>.debug_line</name>
         <load_address>0x114</load_address>
         <run_address>0x114</run_address>
         <size>0x95</size>
         <alignment>0x0</alignment>
         <input_file_ref idref="fl-f"/>
      </object_component>
      <object_component id="oc-b6">
         <name>.debug_line</name>
         <load_address>0x1a9</load_address>
         <run_address>0x1a9</run_address>
         <size>0xc4</size>
         <alignment>0x0</alignment>
         <input_file_ref idref="fl-f"/>
      </object_component>
      <object_component id="oc-7f">
         <name>.debug_line</name>
         <load_address>0x26d</load_address>
         <run_address>0x26d</run_address>
         <size>0x99</size>
         <alignment>0x0</alignment>
         <input_file_ref idref="fl-f"/>
      </object_component>
      <object_component id="oc-e8">
         <name>.debug_line</name>
         <load_address>0x306</load_address>
         <run_address>0x306</run_address>
         <size>0x71</size>
         <alignment>0x0</alignment>
         <input_file_ref idref="fl-f"/>
      </object_component>
      <object_component id="oc-b3">
         <name>.debug_line</name>
         <load_address>0x377</load_address>
         <run_address>0x377</run_address>
         <size>0x20</size>
         <alignment>0x0</alignment>
         <input_file_ref idref="fl-f"/>
      </object_component>
      <object_component id="oc-d8">
         <name>.debug_line</name>
         <load_address>0x397</load_address>
         <run_address>0x397</run_address>
         <size>0x75</size>
         <alignment>0x0</alignment>
         <input_file_ref idref="fl-f"/>
      </object_component>
      <object_component id="oc-e3">
         <name>.debug_line</name>
         <load_address>0x40c</load_address>
         <run_address>0x40c</run_address>
         <size>0x71</size>
         <alignment>0x0</alignment>
         <input_file_ref idref="fl-f"/>
      </object_component>
      <object_component id="oc-ac">
         <name>.debug_line</name>
         <load_address>0x47d</load_address>
         <run_address>0x47d</run_address>
         <size>0x72</size>
         <alignment>0x0</alignment>
         <input_file_ref idref="fl-f"/>
      </object_component>
      <object_component id="oc-db">
         <name>.debug_line</name>
         <load_address>0x4ef</load_address>
         <run_address>0x4ef</run_address>
         <size>0x13d</size>
         <alignment>0x0</alignment>
         <input_file_ref idref="fl-11"/>
      </object_component>
      <object_component id="oc-7a">
         <name>.debug_line</name>
         <load_address>0x62c</load_address>
         <run_address>0x62c</run_address>
         <size>0x94</size>
         <alignment>0x0</alignment>
         <input_file_ref idref="fl-11"/>
      </object_component>
      <object_component id="oc-74">
         <name>.debug_line</name>
         <load_address>0x6c0</load_address>
         <run_address>0x6c0</run_address>
         <size>0x94</size>
         <alignment>0x0</alignment>
         <input_file_ref idref="fl-11"/>
      </object_component>
      <object_component id="oc-de">
         <name>.debug_line</name>
         <load_address>0x754</load_address>
         <run_address>0x754</run_address>
         <size>0x7f</size>
         <alignment>0x0</alignment>
         <input_file_ref idref="fl-11"/>
      </object_component>
      <object_component id="oc-2f">
         <name>.debug_line</name>
         <load_address>0x7d3</load_address>
         <run_address>0x7d3</run_address>
         <size>0x259</size>
         <alignment>0x1</alignment>
         <input_file_ref idref="fl-29"/>
      </object_component>
      <object_component id="oc-59">
         <name>.debug_line</name>
         <load_address>0xa2c</load_address>
         <run_address>0xa2c</run_address>
         <size>0x3d</size>
         <alignment>0x1</alignment>
         <input_file_ref idref="fl-2c"/>
      </object_component>
      <object_component id="oc-8a">
         <name>.debug_line</name>
         <load_address>0xa69</load_address>
         <run_address>0xa69</run_address>
         <size>0x67</size>
         <alignment>0x1</alignment>
         <input_file_ref idref="fl-31"/>
      </object_component>
      <object_component id="oc-c7">
         <name>.debug_line</name>
         <load_address>0xad0</load_address>
         <run_address>0xad0</run_address>
         <size>0x41</size>
         <alignment>0x1</alignment>
         <input_file_ref idref="fl-d3"/>
      </object_component>
      <object_component id="oc-86">
         <name>.debug_frame</name>
         <load_address>0x0</load_address>
         <run_address>0x0</run_address>
         <size>0x54</size>
         <alignment>0x4</alignment>
         <input_file_ref idref="fl-f"/>
      </object_component>
      <object_component id="oc-c0">
         <name>.debug_frame</name>
         <load_address>0x54</load_address>
         <run_address>0x54</run_address>
         <size>0x54</size>
         <alignment>0x4</alignment>
         <input_file_ref idref="fl-f"/>
      </object_component>
      <object_component id="oc-ba">
         <name>.debug_frame</name>
         <load_address>0xa8</load_address>
         <run_address>0xa8</run_address>
         <size>0x68</size>
         <alignment>0x4</alignment>
         <input_file_ref idref="fl-f"/>
      </object_component>
      <object_component id="oc-80">
         <name>.debug_frame</name>
         <load_address>0x110</load_address>
         <run_address>0x110</run_address>
         <size>0x5c</size>
         <alignment>0x4</alignment>
         <input_file_ref idref="fl-f"/>
      </object_component>
      <object_component id="oc-76">
         <name>.debug_frame</name>
         <load_address>0x16c</load_address>
         <run_address>0x16c</run_address>
         <size>0x54</size>
         <alignment>0x4</alignment>
         <input_file_ref idref="fl-11"/>
      </object_component>
      <object_component id="oc-70">
         <name>.debug_frame</name>
         <load_address>0x1c0</load_address>
         <run_address>0x1c0</run_address>
         <size>0x54</size>
         <alignment>0x4</alignment>
         <input_file_ref idref="fl-11"/>
      </object_component>
      <object_component id="oc-45">
         <name>.debug_frame</name>
         <load_address>0x214</load_address>
         <run_address>0x214</run_address>
         <size>0x90</size>
         <alignment>0x4</alignment>
         <input_file_ref idref="fl-29"/>
      </object_component>
      <object_component id="oc-57">
         <name>.debug_frame</name>
         <load_address>0x2a4</load_address>
         <run_address>0x2a4</run_address>
         <size>0x20</size>
         <alignment>0x4</alignment>
         <input_file_ref idref="fl-2c"/>
      </object_component>
      <object_component id="oc-8b">
         <name>.debug_frame</name>
         <load_address>0x2c4</load_address>
         <run_address>0x2c4</run_address>
         <size>0x30</size>
         <alignment>0x4</alignment>
         <input_file_ref idref="fl-31"/>
      </object_component>
      <object_component id="oc-c6">
         <name>.debug_frame</name>
         <load_address>0x2f4</load_address>
         <run_address>0x2f4</run_address>
         <size>0x20</size>
         <alignment>0x4</alignment>
         <input_file_ref idref="fl-d3"/>
      </object_component>
      <object_component id="oc-ec">
         <name>.debug_abbrev</name>
         <load_address>0x0</load_address>
         <run_address>0x0</run_address>
         <size>0x7d</size>
         <alignment>0x0</alignment>
         <input_file_ref idref="fl-f"/>
      </object_component>
      <object_component id="oc-c3">
         <name>.debug_abbrev</name>
         <load_address>0x7d</load_address>
         <run_address>0x7d</run_address>
         <size>0x6c</size>
         <alignment>0x0</alignment>
         <input_file_ref idref="fl-f"/>
      </object_component>
      <object_component id="oc-eb">
         <name>.debug_abbrev</name>
         <load_address>0xe9</load_address>
         <run_address>0xe9</run_address>
         <size>0x6c</size>
         <alignment>0x0</alignment>
         <input_file_ref idref="fl-f"/>
      </object_component>
      <object_component id="oc-ea">
         <name>.debug_abbrev</name>
         <load_address>0x155</load_address>
         <run_address>0x155</run_address>
         <size>0x6c</size>
         <alignment>0x0</alignment>
         <input_file_ref idref="fl-f"/>
      </object_component>
      <object_component id="oc-c1">
         <name>.debug_abbrev</name>
         <load_address>0x1c1</load_address>
         <run_address>0x1c1</run_address>
         <size>0x7a</size>
         <alignment>0x0</alignment>
         <input_file_ref idref="fl-f"/>
      </object_component>
      <object_component id="oc-e7">
         <name>.debug_abbrev</name>
         <load_address>0x23b</load_address>
         <run_address>0x23b</run_address>
         <size>0x69</size>
         <alignment>0x0</alignment>
         <input_file_ref idref="fl-f"/>
      </object_component>
      <object_component id="oc-b2">
         <name>.debug_abbrev</name>
         <load_address>0x2a4</load_address>
         <run_address>0x2a4</run_address>
         <size>0x1f</size>
         <alignment>0x0</alignment>
         <input_file_ref idref="fl-f"/>
      </object_component>
      <object_component id="oc-d7">
         <name>.debug_abbrev</name>
         <load_address>0x2c3</load_address>
         <run_address>0x2c3</run_address>
         <size>0x5c</size>
         <alignment>0x0</alignment>
         <input_file_ref idref="fl-f"/>
      </object_component>
      <object_component id="oc-e2">
         <name>.debug_abbrev</name>
         <load_address>0x31f</load_address>
         <run_address>0x31f</run_address>
         <size>0x24</size>
         <alignment>0x0</alignment>
         <input_file_ref idref="fl-f"/>
      </object_component>
      <object_component id="oc-ab">
         <name>.debug_abbrev</name>
         <load_address>0x343</load_address>
         <run_address>0x343</run_address>
         <size>0x24</size>
         <alignment>0x0</alignment>
         <input_file_ref idref="fl-f"/>
      </object_component>
      <object_component id="oc-da">
         <name>.debug_abbrev</name>
         <load_address>0x367</load_address>
         <run_address>0x367</run_address>
         <size>0xbb</size>
         <alignment>0x0</alignment>
         <input_file_ref idref="fl-11"/>
      </object_component>
      <object_component id="oc-af">
         <name>.debug_abbrev</name>
         <load_address>0x422</load_address>
         <run_address>0x422</run_address>
         <size>0x6e</size>
         <alignment>0x0</alignment>
         <input_file_ref idref="fl-11"/>
      </object_component>
      <object_component id="oc-a8">
         <name>.debug_abbrev</name>
         <load_address>0x490</load_address>
         <run_address>0x490</run_address>
         <size>0x6c</size>
         <alignment>0x0</alignment>
         <input_file_ref idref="fl-11"/>
      </object_component>
      <object_component id="oc-dd">
         <name>.debug_abbrev</name>
         <load_address>0x4fc</load_address>
         <run_address>0x4fc</run_address>
         <size>0x38</size>
         <alignment>0x0</alignment>
         <input_file_ref idref="fl-11"/>
      </object_component>
      <object_component id="oc-2d">
         <name>.debug_abbrev</name>
         <load_address>0x534</load_address>
         <run_address>0x534</run_address>
         <size>0xc3</size>
         <alignment>0x1</alignment>
         <input_file_ref idref="fl-29"/>
      </object_component>
      <object_component id="oc-6d">
         <name>.debug_abbrev</name>
         <load_address>0x5f7</load_address>
         <run_address>0x5f7</run_address>
         <size>0x39</size>
         <alignment>0x1</alignment>
         <input_file_ref idref="fl-2c"/>
      </object_component>
      <object_component id="oc-c8">
         <name>.debug_abbrev</name>
         <load_address>0x630</load_address>
         <run_address>0x630</run_address>
         <size>0x98</size>
         <alignment>0x1</alignment>
         <input_file_ref idref="fl-31"/>
      </object_component>
      <object_component id="oc-ee">
         <name>.debug_abbrev</name>
         <load_address>0x6c8</load_address>
         <run_address>0x6c8</run_address>
         <size>0x2c</size>
         <alignment>0x1</alignment>
         <input_file_ref idref="fl-d3"/>
      </object_component>
      <object_component id="oc-139">
         <name>.debug_abbrev</name>
         <load_address>0x6f4</load_address>
         <run_address>0x6f4</run_address>
         <size>0xf</size>
         <alignment>0x0</alignment>
      </object_component>
      <object_component id="oc-e9">
         <name>.debug_str</name>
         <load_address>0x0</load_address>
         <run_address>0x0</run_address>
         <size>0x2df</size>
         <alignment>0x0</alignment>
         <input_file_ref idref="fl-f"/>
      </object_component>
      <object_component id="oc-b4">
         <name>.debug_str</name>
         <load_address>0x2df</load_address>
         <run_address>0x2df</run_address>
         <size>0xfe</size>
         <alignment>0x0</alignment>
         <input_file_ref idref="fl-f"/>
      </object_component>
      <object_component id="oc-d9">
         <name>.debug_str</name>
         <load_address>0x3dd</load_address>
         <run_address>0x3dd</run_address>
         <size>0x36e</size>
         <alignment>0x0</alignment>
         <input_file_ref idref="fl-f"/>
      </object_component>
      <object_component id="oc-e4">
         <name>.debug_str</name>
         <load_address>0x74b</load_address>
         <run_address>0x74b</run_address>
         <size>0x1ea</size>
         <alignment>0x0</alignment>
         <input_file_ref idref="fl-f"/>
      </object_component>
      <object_component id="oc-ad">
         <name>.debug_str</name>
         <load_address>0x935</load_address>
         <run_address>0x935</run_address>
         <size>0x177</size>
         <alignment>0x0</alignment>
         <input_file_ref idref="fl-f"/>
      </object_component>
      <object_component id="oc-df">
         <name>.debug_str</name>
         <load_address>0xaac</load_address>
         <run_address>0xaac</run_address>
         <size>0x138</size>
         <alignment>0x0</alignment>
         <input_file_ref idref="fl-11"/>
      </object_component>
      <object_component id="oc-2e">
         <name>.debug_str</name>
         <load_address>0xbe4</load_address>
         <run_address>0xbe4</run_address>
         <size>0x245</size>
         <alignment>0x1</alignment>
         <input_file_ref idref="fl-29"/>
      </object_component>
      <object_component id="oc-6e">
         <name>.debug_str</name>
         <load_address>0xe29</load_address>
         <run_address>0xe29</run_address>
         <size>0xee</size>
         <alignment>0x1</alignment>
         <input_file_ref idref="fl-2c"/>
      </object_component>
      <object_component id="oc-c9">
         <name>.debug_str</name>
         <load_address>0xf17</load_address>
         <run_address>0xf17</run_address>
         <size>0x141</size>
         <alignment>0x1</alignment>
         <input_file_ref idref="fl-31"/>
      </object_component>
      <object_component id="oc-ef">
         <name>.debug_str</name>
         <load_address>0x1058</load_address>
         <run_address>0x1058</run_address>
         <size>0xe2</size>
         <alignment>0x1</alignment>
         <input_file_ref idref="fl-d3"/>
      </object_component>
      <object_component id="oc-83">
         <name>.debug_aranges</name>
         <load_address>0x0</load_address>
         <run_address>0x0</run_address>
         <size>0x20</size>
         <alignment>0x0</alignment>
         <input_file_ref idref="fl-f"/>
      </object_component>
      <object_component id="oc-be">
         <name>.debug_aranges</name>
         <load_address>0x20</load_address>
         <run_address>0x20</run_address>
         <size>0x20</size>
         <alignment>0x0</alignment>
         <input_file_ref idref="fl-f"/>
      </object_component>
      <object_component id="oc-b8">
         <name>.debug_aranges</name>
         <load_address>0x40</load_address>
         <run_address>0x40</run_address>
         <size>0x20</size>
         <alignment>0x0</alignment>
         <input_file_ref idref="fl-f"/>
      </object_component>
      <object_component id="oc-7d">
         <name>.debug_aranges</name>
         <load_address>0x60</load_address>
         <run_address>0x60</run_address>
         <size>0x20</size>
         <alignment>0x0</alignment>
         <input_file_ref idref="fl-f"/>
      </object_component>
      <object_component id="oc-79">
         <name>.debug_aranges</name>
         <load_address>0x80</load_address>
         <run_address>0x80</run_address>
         <size>0x20</size>
         <alignment>0x0</alignment>
         <input_file_ref idref="fl-11"/>
      </object_component>
      <object_component id="oc-73">
         <name>.debug_aranges</name>
         <load_address>0xa0</load_address>
         <run_address>0xa0</run_address>
         <size>0x20</size>
         <alignment>0x0</alignment>
         <input_file_ref idref="fl-11"/>
      </object_component>
      <object_component id="oc-84">
         <name>.debug_pubnames</name>
         <load_address>0x0</load_address>
         <run_address>0x0</run_address>
         <size>0x23</size>
         <alignment>0x0</alignment>
         <input_file_ref idref="fl-f"/>
      </object_component>
      <object_component id="oc-bf">
         <name>.debug_pubnames</name>
         <load_address>0x23</load_address>
         <run_address>0x23</run_address>
         <size>0x25</size>
         <alignment>0x0</alignment>
         <input_file_ref idref="fl-f"/>
      </object_component>
      <object_component id="oc-b9">
         <name>.debug_pubnames</name>
         <load_address>0x48</load_address>
         <run_address>0x48</run_address>
         <size>0x27</size>
         <alignment>0x0</alignment>
         <input_file_ref idref="fl-f"/>
      </object_component>
      <object_component id="oc-7e">
         <name>.debug_pubnames</name>
         <load_address>0x6f</load_address>
         <run_address>0x6f</run_address>
         <size>0x2c</size>
         <alignment>0x0</alignment>
         <input_file_ref idref="fl-f"/>
      </object_component>
      <object_component id="oc-78">
         <name>.debug_pubnames</name>
         <load_address>0x9b</load_address>
         <run_address>0x9b</run_address>
         <size>0x2c</size>
         <alignment>0x0</alignment>
         <input_file_ref idref="fl-11"/>
      </object_component>
      <object_component id="oc-72">
         <name>.debug_pubnames</name>
         <load_address>0xc7</load_address>
         <run_address>0xc7</run_address>
         <size>0x2d</size>
         <alignment>0x0</alignment>
         <input_file_ref idref="fl-11"/>
      </object_component>
      <object_component id="oc-e6">
         <name>.debug_pubtypes</name>
         <load_address>0x0</load_address>
         <run_address>0x0</run_address>
         <size>0x25c</size>
         <alignment>0x0</alignment>
         <input_file_ref idref="fl-f"/>
      </object_component>
      <object_component id="oc-b1">
         <name>.debug_pubtypes</name>
         <load_address>0x25c</load_address>
         <run_address>0x25c</run_address>
         <size>0xff</size>
         <alignment>0x0</alignment>
         <input_file_ref idref="fl-f"/>
      </object_component>
      <object_component id="oc-d6">
         <name>.debug_pubtypes</name>
         <load_address>0x35b</load_address>
         <run_address>0x35b</run_address>
         <size>0x325</size>
         <alignment>0x0</alignment>
         <input_file_ref idref="fl-f"/>
      </object_component>
      <object_component id="oc-e1">
         <name>.debug_pubtypes</name>
         <load_address>0x680</load_address>
         <run_address>0x680</run_address>
         <size>0x12e</size>
         <alignment>0x0</alignment>
         <input_file_ref idref="fl-f"/>
      </object_component>
      <object_component id="oc-aa">
         <name>.debug_pubtypes</name>
         <load_address>0x7ae</load_address>
         <run_address>0x7ae</run_address>
         <size>0xaa</size>
         <alignment>0x0</alignment>
         <input_file_ref idref="fl-f"/>
      </object_component>
      <object_component id="oc-31">
         <name>.debug_loc</name>
         <load_address>0x0</load_address>
         <run_address>0x0</run_address>
         <size>0x200</size>
         <alignment>0x1</alignment>
         <input_file_ref idref="fl-29"/>
      </object_component>
      <object_component id="oc-8e">
         <name>.debug_loc</name>
         <load_address>0x200</load_address>
         <run_address>0x200</run_address>
         <size>0x26</size>
         <alignment>0x1</alignment>
         <input_file_ref idref="fl-31"/>
      </object_component>
      <object_component id="oc-30">
         <name>.debug_ranges</name>
         <load_address>0x0</load_address>
         <run_address>0x0</run_address>
         <size>0x48</size>
         <alignment>0x1</alignment>
         <input_file_ref idref="fl-29"/>
      </object_component>
      <object_component id="oc-8c">
         <name>.debug_ranges</name>
         <load_address>0x48</load_address>
         <run_address>0x48</run_address>
         <size>0x18</size>
         <alignment>0x1</alignment>
         <input_file_ref idref="fl-31"/>
      </object_component>
   </object_component_list>
   <logical_group_list>
      <logical_group id="lg-3" display="no" color="cyan">
         <name>.intvecs</name>
         <load_address>0x0</load_address>
         <run_address>0x0</run_address>
         <size>0x26c</size>
         <contents>
            <object_component_ref idref="oc-12"/>
         </contents>
      </logical_group>
      <logical_group id="lg-4" display="no" color="cyan">
         <name>.text</name>
         <load_address>0x26c</load_address>
         <run_address>0x26c</run_address>
         <size>0x302</size>
         <contents>
            <object_component_ref idref="oc-b5"/>
            <object_component_ref idref="oc-5a"/>
            <object_component_ref idref="oc-75"/>
            <object_component_ref idref="oc-6f"/>
            <object_component_ref idref="oc-bb"/>
            <object_component_ref idref="oc-44"/>
            <object_component_ref idref="oc-7b"/>
            <object_component_ref idref="oc-29"/>
            <object_component_ref idref="oc-81"/>
            <object_component_ref idref="oc-87"/>
            <object_component_ref idref="oc-88"/>
            <object_component_ref idref="oc-2b"/>
            <object_component_ref idref="oc-c4"/>
            <object_component_ref idref="oc-2c"/>
            <object_component_ref idref="oc-2a"/>
            <object_component_ref idref="oc-56"/>
         </contents>
      </logical_group>
      <logical_group id="lg-5" display="no" color="cyan">
         <name>.const</name>
         <run_address>0x0</run_address>
         <size>0x0</size>
         <contents>
         </contents>
      </logical_group>
      <logical_group id="lg-6" display="no" color="cyan">
         <name>.cinit</name>
         <load_address>0x0</load_address>
         <run_address>0x0</run_address>
         <size>0x0</size>
         <contents>
            <object_component_ref idref="oc-135"/>
         </contents>
      </logical_group>
      <logical_group id="lg-7" display="no" color="cyan">
         <name>.pinit</name>
         <run_address>0x0</run_address>
         <size>0x0</size>
         <contents>
         </contents>
      </logical_group>
      <logical_group id="lg-8" display="no" color="cyan">
         <name>.init_array</name>
         <run_address>0x0</run_address>
         <size>0x0</size>
         <contents>
         </contents>
      </logical_group>
      <logical_group id="lg-9" display="no" color="cyan">
         <name>.vtable</name>
         <run_address>0x0</run_address>
         <size>0x0</size>
         <contents>
         </contents>
      </logical_group>
      <logical_group id="lg-a" display="no" color="cyan">
         <name>.data</name>
         <run_address>0x0</run_address>
         <size>0x0</size>
         <contents>
         </contents>
      </logical_group>
      <logical_group id="lg-b" display="no" color="cyan">
         <name>.bss</name>
         <run_address>0x0</run_address>
         <size>0x0</size>
         <contents>
         </contents>
      </logical_group>
      <logical_group id="lg-c" display="no" color="cyan">
         <name>.sysmem</name>
         <run_address>0x0</run_address>
         <size>0x0</size>
         <contents>
         </contents>
      </logical_group>
      <logical_group id="lg-d" display="no" color="cyan">
         <name>.stack</name>
         <run_address>0x20000000</run_address>
         <size>0x800</size>
         <contents>
            <object_component_ref idref="oc-13"/>
            <object_component_ref idref="oc-137"/>
         </contents>
      </logical_group>
      <logical_group id="lg-f9" display="no" color="cyan">
         <name>.TI.noinit</name>
         <run_address>0x0</run_address>
         <size>0x0</size>
         <contents>
         </contents>
      </logical_group>
      <logical_group id="lg-fa" display="no" color="cyan">
         <name>.TI.persistent</name>
         <run_address>0x0</run_address>
         <size>0x0</size>
         <contents>
         </contents>
      </logical_group>
      <logical_group id="lg-fb" display="no" color="cyan">
         <name>.TI.local</name>
         <run_address>0x0</run_address>
         <size>0x0</size>
         <contents>
         </contents>
      </logical_group>
      <logical_group id="lg-fc" display="no" color="cyan">
         <name>.TI.onchip</name>
         <run_address>0x0</run_address>
         <size>0x0</size>
         <contents>
         </contents>
      </logical_group>
      <logical_group id="lg-fd" display="no" color="cyan">
         <name>.TI.offchip</name>
         <run_address>0x0</run_address>
         <size>0x0</size>
         <contents>
         </contents>
      </logical_group>
      <logical_group id="lg-fe" display="no" color="cyan">
         <name>__llvm_prf_cnts</name>
         <run_address>0x20000000</run_address>
         <size>0x0</size>
         <contents>
         </contents>
      </logical_group>
      <logical_group id="lg-100" display="no" color="cyan">
         <name>__llvm_prf_bits</name>
         <run_address>0x20000000</run_address>
         <size>0x0</size>
         <contents>
         </contents>
      </logical_group>
      <logical_group id="lg-114" display="never" color="cyan">
         <name>.debug_info</name>
         <load_address>0x0</load_address>
         <run_address>0x0</run_address>
         <size>0x26ba</size>
         <contents>
            <object_component_ref idref="oc-c2"/>
            <object_component_ref idref="oc-82"/>
            <object_component_ref idref="oc-bd"/>
            <object_component_ref idref="oc-b7"/>
            <object_component_ref idref="oc-7c"/>
            <object_component_ref idref="oc-e5"/>
            <object_component_ref idref="oc-b0"/>
            <object_component_ref idref="oc-d5"/>
            <object_component_ref idref="oc-e0"/>
            <object_component_ref idref="oc-a9"/>
            <object_component_ref idref="oc-ae"/>
            <object_component_ref idref="oc-77"/>
            <object_component_ref idref="oc-71"/>
            <object_component_ref idref="oc-dc"/>
            <object_component_ref idref="oc-14"/>
            <object_component_ref idref="oc-58"/>
            <object_component_ref idref="oc-89"/>
            <object_component_ref idref="oc-c5"/>
            <object_component_ref idref="oc-138"/>
         </contents>
      </logical_group>
      <logical_group id="lg-116" display="never" color="cyan">
         <name>.debug_line</name>
         <load_address>0x0</load_address>
         <run_address>0x0</run_address>
         <size>0xb11</size>
         <contents>
            <object_component_ref idref="oc-ed"/>
            <object_component_ref idref="oc-85"/>
            <object_component_ref idref="oc-bc"/>
            <object_component_ref idref="oc-b6"/>
            <object_component_ref idref="oc-7f"/>
            <object_component_ref idref="oc-e8"/>
            <object_component_ref idref="oc-b3"/>
            <object_component_ref idref="oc-d8"/>
            <object_component_ref idref="oc-e3"/>
            <object_component_ref idref="oc-ac"/>
            <object_component_ref idref="oc-db"/>
            <object_component_ref idref="oc-7a"/>
            <object_component_ref idref="oc-74"/>
            <object_component_ref idref="oc-de"/>
            <object_component_ref idref="oc-2f"/>
            <object_component_ref idref="oc-59"/>
            <object_component_ref idref="oc-8a"/>
            <object_component_ref idref="oc-c7"/>
         </contents>
      </logical_group>
      <logical_group id="lg-118" display="never" color="cyan">
         <name>.debug_frame</name>
         <load_address>0x0</load_address>
         <run_address>0x0</run_address>
         <size>0x314</size>
         <contents>
            <object_component_ref idref="oc-86"/>
            <object_component_ref idref="oc-c0"/>
            <object_component_ref idref="oc-ba"/>
            <object_component_ref idref="oc-80"/>
            <object_component_ref idref="oc-76"/>
            <object_component_ref idref="oc-70"/>
            <object_component_ref idref="oc-45"/>
            <object_component_ref idref="oc-57"/>
            <object_component_ref idref="oc-8b"/>
            <object_component_ref idref="oc-c6"/>
         </contents>
      </logical_group>
      <logical_group id="lg-11a" display="never" color="cyan">
         <name>.debug_abbrev</name>
         <load_address>0x0</load_address>
         <run_address>0x0</run_address>
         <size>0x703</size>
         <contents>
            <object_component_ref idref="oc-ec"/>
            <object_component_ref idref="oc-c3"/>
            <object_component_ref idref="oc-eb"/>
            <object_component_ref idref="oc-ea"/>
            <object_component_ref idref="oc-c1"/>
            <object_component_ref idref="oc-e7"/>
            <object_component_ref idref="oc-b2"/>
            <object_component_ref idref="oc-d7"/>
            <object_component_ref idref="oc-e2"/>
            <object_component_ref idref="oc-ab"/>
            <object_component_ref idref="oc-da"/>
            <object_component_ref idref="oc-af"/>
            <object_component_ref idref="oc-a8"/>
            <object_component_ref idref="oc-dd"/>
            <object_component_ref idref="oc-2d"/>
            <object_component_ref idref="oc-6d"/>
            <object_component_ref idref="oc-c8"/>
            <object_component_ref idref="oc-ee"/>
            <object_component_ref idref="oc-139"/>
         </contents>
      </logical_group>
      <logical_group id="lg-11c" display="never" color="cyan">
         <name>.debug_str</name>
         <load_address>0x0</load_address>
         <run_address>0x0</run_address>
         <size>0x113a</size>
         <contents>
            <object_component_ref idref="oc-e9"/>
            <object_component_ref idref="oc-b4"/>
            <object_component_ref idref="oc-d9"/>
            <object_component_ref idref="oc-e4"/>
            <object_component_ref idref="oc-ad"/>
            <object_component_ref idref="oc-df"/>
            <object_component_ref idref="oc-2e"/>
            <object_component_ref idref="oc-6e"/>
            <object_component_ref idref="oc-c9"/>
            <object_component_ref idref="oc-ef"/>
         </contents>
      </logical_group>
      <logical_group id="lg-11e" display="never" color="cyan">
         <name>.debug_aranges</name>
         <load_address>0x0</load_address>
         <run_address>0x0</run_address>
         <size>0xc0</size>
         <contents>
            <object_component_ref idref="oc-83"/>
            <object_component_ref idref="oc-be"/>
            <object_component_ref idref="oc-b8"/>
            <object_component_ref idref="oc-7d"/>
            <object_component_ref idref="oc-79"/>
            <object_component_ref idref="oc-73"/>
         </contents>
      </logical_group>
      <logical_group id="lg-120" display="never" color="cyan">
         <name>.debug_pubnames</name>
         <load_address>0x0</load_address>
         <run_address>0x0</run_address>
         <size>0xf4</size>
         <contents>
            <object_component_ref idref="oc-84"/>
            <object_component_ref idref="oc-bf"/>
            <object_component_ref idref="oc-b9"/>
            <object_component_ref idref="oc-7e"/>
            <object_component_ref idref="oc-78"/>
            <object_component_ref idref="oc-72"/>
         </contents>
      </logical_group>
      <logical_group id="lg-122" display="never" color="cyan">
         <name>.debug_pubtypes</name>
         <load_address>0x0</load_address>
         <run_address>0x0</run_address>
         <size>0x858</size>
         <contents>
            <object_component_ref idref="oc-e6"/>
            <object_component_ref idref="oc-b1"/>
            <object_component_ref idref="oc-d6"/>
            <object_component_ref idref="oc-e1"/>
            <object_component_ref idref="oc-aa"/>
         </contents>
      </logical_group>
      <logical_group id="lg-124" display="never" color="cyan">
         <name>.debug_loc</name>
         <load_address>0x0</load_address>
         <run_address>0x0</run_address>
         <size>0x226</size>
         <contents>
            <object_component_ref idref="oc-31"/>
            <object_component_ref idref="oc-8e"/>
         </contents>
      </logical_group>
      <logical_group id="lg-126" display="never" color="cyan">
         <name>.debug_ranges</name>
         <load_address>0x0</load_address>
         <run_address>0x0</run_address>
         <size>0x60</size>
         <contents>
            <object_component_ref idref="oc-30"/>
            <object_component_ref idref="oc-8c"/>
         </contents>
      </logical_group>
      <logical_group id="lg-136" display="no" color="cyan">
         <name>Veneer$$CMSE</name>
         <run_address>0x0</run_address>
         <size>0x0</size>
         <contents>
         </contents>
      </logical_group>
      <load_segment id="lg-13a" display="no" color="cyan">
         <name>SEGMENT_0</name>
         <load_address>0x0</load_address>
         <run_address>0x0</run_address>
         <size>0x56e</size>
         <flags>0x5</flags>
         <contents>
            <logical_group_ref idref="lg-3"/>
            <logical_group_ref idref="lg-4"/>
         </contents>
      </load_segment>
      <load_segment id="lg-13b" display="no" color="cyan">
         <name>SEGMENT_1</name>
         <run_address>0x20000000</run_address>
         <size>0x800</size>
         <flags>0x6</flags>
         <contents>
            <logical_group_ref idref="lg-d"/>
         </contents>
      </load_segment>
   </logical_group_list>
   <placement_map>
      <memory_area display="yes" color="green">
         <name>FLASH</name>
         <page_id>0x0</page_id>
         <origin>0x0</origin>
         <length>0x40000</length>
         <used_space>0x56e</used_space>
         <unused_space>0x3fa92</unused_space>
         <attributes>RX</attributes>
         <usage_details>
            <allocated_space>
               <start_address>0x0</start_address>
               <size>0x0</size>
               <logical_group_ref idref="lg-6"/>
            </allocated_space>
            <allocated_space>
               <start_address>0x0</start_address>
               <size>0x26c</size>
               <logical_group_ref idref="lg-3"/>
            </allocated_space>
            <allocated_space>
               <start_address>0x26c</start_address>
               <size>0x302</size>
               <logical_group_ref idref="lg-4"/>
            </allocated_space>
            <available_space>
               <start_address>0x56e</start_address>
               <size>0x3fa92</size>
            </available_space>
         </usage_details>
      </memory_area>
      <memory_area display="yes" color="green">
         <name>SRAM</name>
         <page_id>0x0</page_id>
         <origin>0x20000000</origin>
         <length>0x8000</length>
         <used_space>0x800</used_space>
         <unused_space>0x7800</unused_space>
         <attributes>RWX</attributes>
         <usage_details>
            <allocated_space>
               <start_address>0x20000000</start_address>
               <size>0x0</size>
               <logical_group_ref idref="lg-fe"/>
            </allocated_space>
            <allocated_space>
               <start_address>0x20000000</start_address>
               <size>0x0</size>
               <logical_group_ref idref="lg-100"/>
            </allocated_space>
            <allocated_space>
               <start_address>0x20000000</start_address>
               <size>0x800</size>
               <logical_group_ref idref="lg-d"/>
            </allocated_space>
            <available_space>
               <start_address>0x20000800</start_address>
               <size>0x7800</size>
            </available_space>
         </usage_details>
      </memory_area>
   </placement_map>
   <symbol_table>
      <symbol id="sm-1">
         <name>__STACK_TOP</name>
         <value>0x20000200</value>
      </symbol>
      <symbol id="sm-2">
         <name>__start___llvm_prf_cnts</name>
         <value>0x20000000</value>
      </symbol>
      <symbol id="sm-3">
         <name>__stop___llvm_prf_cnts</name>
         <value>0x20000000</value>
      </symbol>
      <symbol id="sm-4">
         <name>__start___llvm_prf_bits</name>
         <value>0x20000000</value>
      </symbol>
      <symbol id="sm-5">
         <name>__stop___llvm_prf_bits</name>
         <value>0x20000000</value>
      </symbol>
      <symbol id="sm-6">
         <name>__TI_CINIT_Base</name>
         <value>0x0</value>
      </symbol>
      <symbol id="sm-7">
         <name>__TI_CINIT_Limit</name>
         <value>0x0</value>
      </symbol>
      <symbol id="sm-8">
         <name>__TI_CINIT_Warm</name>
         <value>0x0</value>
      </symbol>
      <symbol id="sm-9">
         <name>binit</name>
         <value>0xffffffff</value>
      </symbol>
      <symbol id="sm-a">
         <name>__binit__</name>
         <value>0xffffffff</value>
      </symbol>
      <symbol id="sm-b">
         <name>__STACK_SIZE</name>
         <value>0x800</value>
      </symbol>
      <symbol id="sm-c">
         <name>__STACK_END</name>
         <value>0x20000800</value>
      </symbol>
      <symbol id="sm-d">
         <name>__TI_pprof_out_hndl</name>
         <value>0xffffffff</value>
      </symbol>
      <symbol id="sm-e">
         <name>__TI_prof_data_start</name>
         <value>0xffffffff</value>
      </symbol>
      <symbol id="sm-f">
         <name>__TI_prof_data_size</name>
         <value>0xffffffff</value>
      </symbol>
      <symbol id="sm-10">
         <name>__TI_static_base__</name>
         <value>0x0</value>
      </symbol>
      <symbol id="sm-30">
         <name>main</name>
         <value>0x3d9</value>
         <object_component_ref idref="oc-5a"/>
      </symbol>
      <symbol id="sm-39">
         <name>ResetISR</name>
         <value>0x543</value>
         <object_component_ref idref="oc-29"/>
      </symbol>
      <symbol id="sm-3a">
         <name>g_pfnVectors</name>
         <value>0x0</value>
         <object_component_ref idref="oc-12"/>
      </symbol>
      <symbol id="sm-3b">
         <name>__TI_ATRegion0_src_addr</name>
         <value>0x0</value>
      </symbol>
      <symbol id="sm-3c">
         <name>__TI_ATRegion0_trg_addr</name>
         <value>0x0</value>
      </symbol>
      <symbol id="sm-3d">
         <name>__TI_ATRegion0_region_sz</name>
         <value>0x0</value>
      </symbol>
      <symbol id="sm-3e">
         <name>__TI_ATRegion1_src_addr</name>
         <value>0x0</value>
      </symbol>
      <symbol id="sm-3f">
         <name>__TI_ATRegion1_trg_addr</name>
         <value>0x0</value>
      </symbol>
      <symbol id="sm-40">
         <name>__TI_ATRegion1_region_sz</name>
         <value>0x0</value>
      </symbol>
      <symbol id="sm-41">
         <name>__TI_ATRegion2_src_addr</name>
         <value>0x0</value>
      </symbol>
      <symbol id="sm-42">
         <name>__TI_ATRegion2_trg_addr</name>
         <value>0x0</value>
      </symbol>
      <symbol id="sm-43">
         <name>__TI_ATRegion2_region_sz</name>
         <value>0x0</value>
      </symbol>
      <symbol id="sm-8b">
         <name>GPIOPinTypeGPIOOutput</name>
         <value>0x529</value>
         <object_component_ref idref="oc-7b"/>
      </symbol>
      <symbol id="sm-8c">
         <name>GPIODirModeSet</name>
         <value>0x4d1</value>
         <object_component_ref idref="oc-bb"/>
      </symbol>
      <symbol id="sm-8d">
         <name>GPIOPinWrite</name>
         <value>0x549</value>
         <object_component_ref idref="oc-81"/>
      </symbol>
      <symbol id="sm-8e">
         <name>GPIOPadConfigSet</name>
         <value>0x26d</value>
         <object_component_ref idref="oc-b5"/>
      </symbol>
      <symbol id="sm-af">
         <name>SysCtlDelay</name>
         <value>0x54f</value>
         <object_component_ref idref="oc-87"/>
      </symbol>
      <symbol id="sm-b0">
         <name>SysCtlPeripheralEnable</name>
         <value>0x49d</value>
         <object_component_ref idref="oc-6f"/>
      </symbol>
      <symbol id="sm-b1">
         <name>SysCtlPeripheralReady</name>
         <value>0x465</value>
         <object_component_ref idref="oc-75"/>
      </symbol>
      <symbol id="sm-bd">
         <name>_c_int00_noinit_noargs</name>
         <value>0x4fd</value>
         <object_component_ref idref="oc-44"/>
      </symbol>
      <symbol id="sm-be">
         <name>__stack</name>
         <value>0x20000000</value>
         <object_component_ref idref="oc-13"/>
      </symbol>
      <symbol id="sm-c8">
         <name>_system_pre_init</name>
         <value>0x56b</value>
         <object_component_ref idref="oc-56"/>
      </symbol>
      <symbol id="sm-d6">
         <name>abort</name>
         <value>0x555</value>
         <object_component_ref idref="oc-88"/>
      </symbol>
      <symbol id="sm-e0">
         <name>HOSTexit</name>
         <value>0x55f</value>
         <object_component_ref idref="oc-c4"/>
      </symbol>
      <symbol id="sm-e1">
         <name>C$$EXIT</name>
         <value>0x55e</value>
         <object_component_ref idref="oc-c4"/>
      </symbol>
      <symbol id="sm-e2">
         <name>__mpu_init</name>
         <value>0x0</value>
      </symbol>
   </symbol_table>
   <title>Link successful</title>
</link_info>
